// Jest Snapshot v1, https://goo.gl/fbAQLP

exports[`<DropdownIcon  /> should match snapshot 1`] = `
<svg
  fill="none"
  height="14"
  viewBox="0 0 17 14"
  width="17"
  xmlns="http://www.w3.org/2000/svg"
>
  <path
    d="M8.50933 12.9923L0.276121 1.01605L16.7144 0.996785L8.50933 12.9923Z"
    fill="#FBFBFB"
  />
</svg>
`;
